#
# There is insufficient memory for the Java Runtime Environment to continue.
# Native memory allocation (malloc) failed to allocate 291456 bytes. Error detail: Chunk::new
# Possible reasons:
#   The system is out of physical RAM or swap space
#   This process is running with CompressedOops enabled, and the Java Heap may be blocking the growth of the native heap
# Possible solutions:
#   Reduce memory load on the system
#   Increase physical memory or swap space
#   Check if swap backing store is full
#   Decrease Java heap size (-Xmx/-Xms)
#   Decrease number of Java threads
#   Decrease Java thread stack sizes (-Xss)
#   Set larger code cache with -XX:ReservedCodeCacheSize=
#   JVM is running with Unscaled Compressed Oops mode in which the Java heap is
#     placed in the first 4GB address space. The Java Heap base address is the
#     maximum limit for the native heap growth. Please use -XX:HeapBaseMinAddress
#     to set the Java Heap base and to place the Java Heap above 4GB virtual address.
# This output file may be truncated or incomplete.
#
#  Out of Memory Error (arena.cpp:168), pid=15528, tid=18208
#
# JRE version: OpenJDK Runtime Environment Temurin-21.0.10+7 (21.0.10+7) (build 21.0.10+7-LTS)
# Java VM: OpenJDK 64-Bit Server VM Temurin-21.0.10+7 (21.0.10+7-LTS, mixed mode, sharing, tiered, compressed oops, compressed class ptrs, parallel gc, windows-amd64)
# No core dump will be written. Minidumps are not enabled by default on client versions of Windows
#

---------------  S U M M A R Y ------------

Command Line: --add-modules=ALL-SYSTEM --add-opens=java.base/java.util=ALL-UNNAMED --add-opens=java.base/java.lang=ALL-UNNAMED --add-opens=java.base/sun.nio.fs=ALL-UNNAMED -Declipse.application=org.eclipse.jdt.ls.core.id1 -Dosgi.bundles.defaultStartLevel=4 -Declipse.product=org.eclipse.jdt.ls.core.product -Djava.import.generatesMetadataFilesAtProjectRoot=false -DDetectVMInstallationsJob.disabled=true -Dfile.encoding=utf8 -XX:+UseParallelGC -XX:GCTimeRatio=4 -XX:AdaptiveSizePolicyWeight=90 -Dsun.zip.disableMemoryMapping=true -Xmx2G -Xms100m -Xlog:disable -javaagent:c:\Users\dell\.vscode\extensions\redhat.java-1.54.0-win32-x64\lombok\lombok-1.18.39-4050.jar c:\Users\dell\.vscode\extensions\redhat.java-1.54.0-win32-x64\server\plugins\org.eclipse.equinox.launcher_1.7.100.v20251111-0406.jar -configuration c:\Users\dell\AppData\Roaming\Code\User\globalStorage\redhat.java\1.54.0\config_ss_win -data c:\Users\dell\AppData\Roaming\Code\User\workspaceStorage\845114bc7027c532ece8d68470c7c069\redhat.java\ss_ws --pipe=\\.\pipe\lsp-857efd6fbe521e6b161f2e150cef6e81-sock

Host: AMD Ryzen 5 3500U with Radeon Vega Mobile Gfx  , 8 cores, 5G,  Windows 11 , 64 bit Build 22621 (10.0.22621.5415)
Time: Mon Jun  8 16:25:13 2026 India Standard Time elapsed time: 11.936988 seconds (0d 0h 0m 11s)

---------------  T H R E A D  ---------------

Current thread (0x00000140841ca5d0):  JavaThread "C2 CompilerThread0" daemon [_thread_in_native, id=18208, stack(0x000000101a800000,0x000000101a900000) (1024K)]


Current CompileTask:
C2:11937 1604       4       lombok.patcher.scripts.AddFieldScript::patch (55 bytes)

Stack: [0x000000101a800000,0x000000101a900000]
Native frames: (J=compiled Java code, j=interpreted, Vv=VM code, C=native code)
V  [jvm.dll+0x6d7a39]
V  [jvm.dll+0x8b4b26]
V  [jvm.dll+0x8b70de]
V  [jvm.dll+0x8b77c3]
V  [jvm.dll+0x284346]
V  [jvm.dll+0xc66ed]
V  [jvm.dll+0xc6c31]
V  [jvm.dll+0x2fb29e]
V  [jvm.dll+0x5fe884]
V  [jvm.dll+0x255b17]
V  [jvm.dll+0x255edd]
V  [jvm.dll+0x24e500]
V  [jvm.dll+0x24ba42]
V  [jvm.dll+0x1cb34e]
V  [jvm.dll+0x25b85d]
V  [jvm.dll+0x259dea]
V  [jvm.dll+0x3f857e]
V  [jvm.dll+0x85f59d]
V  [jvm.dll+0x6d626d]
C  [ucrtbase.dll+0x29333]
C  [KERNEL32.DLL+0x1259d]
C  [ntdll.dll+0x5af78]


---------------  P R O C E S S  ---------------

Threads class SMR info:
_java_thread_list=0x000001408a1e2680, length=12, elements={
0x000001402a3b71a0, 0x00000140841be990, 0x00000140841c1540, 0x00000140841c3a70,
0x00000140841c4990, 0x00000140841c5cc0, 0x00000140841c9840, 0x00000140841ca5d0,
0x0000014085acec00, 0x0000014085ccec00, 0x0000014085e2a690, 0x0000014085c02d90
}

Java Threads: ( => current thread )
  0x000001402a3b71a0 JavaThread "main"                              [_thread_in_vm, id=19604, stack(0x0000001019e00000,0x0000001019f00000) (1024K)]
  0x00000140841be990 JavaThread "Reference Handler"          daemon [_thread_blocked, id=9888, stack(0x000000101a200000,0x000000101a300000) (1024K)]
  0x00000140841c1540 JavaThread "Finalizer"                  daemon [_thread_blocked, id=22008, stack(0x000000101a300000,0x000000101a400000) (1024K)]
  0x00000140841c3a70 JavaThread "Signal Dispatcher"          daemon [_thread_blocked, id=6336, stack(0x000000101a400000,0x000000101a500000) (1024K)]
  0x00000140841c4990 JavaThread "Attach Listener"            daemon [_thread_blocked, id=2452, stack(0x000000101a500000,0x000000101a600000) (1024K)]
  0x00000140841c5cc0 JavaThread "Service Thread"             daemon [_thread_blocked, id=17328, stack(0x000000101a600000,0x000000101a700000) (1024K)]
  0x00000140841c9840 JavaThread "Monitor Deflation Thread"   daemon [_thread_blocked, id=10668, stack(0x000000101a700000,0x000000101a800000) (1024K)]
=>0x00000140841ca5d0 JavaThread "C2 CompilerThread0"         daemon [_thread_in_native, id=18208, stack(0x000000101a800000,0x000000101a900000) (1024K)]
  0x0000014085acec00 JavaThread "C1 CompilerThread0"         daemon [_thread_blocked, id=13560, stack(0x000000101a900000,0x000000101aa00000) (1024K)]
  0x0000014085ccec00 JavaThread "Common-Cleaner"             daemon [_thread_blocked, id=1724, stack(0x000000101aa00000,0x000000101ab00000) (1024K)]
  0x0000014085e2a690 JavaThread "Notification Thread"        daemon [_thread_blocked, id=22476, stack(0x000000101ab00000,0x000000101ac00000) (1024K)]
  0x0000014085c02d90 JavaThread "Active Thread: Equinox Container: 746aa455-1aff-4a58-a323-3feb15bfdb19"        [_thread_blocked, id=7392, stack(0x000000101b200000,0x000000101b300000) (1024K)]
Total: 12

Other Threads:
  0x00000140841a35e0 VMThread "VM Thread"                           [id=20328, stack(0x000000101a100000,0x000000101a200000) (1024K)]
  0x000001402c75dc60 WatcherThread "VM Periodic Task Thread"        [id=19784, stack(0x000000101a000000,0x000000101a100000) (1024K)]
  0x000001402c711fe0 WorkerThread "GC Thread#0"                     [id=19868, stack(0x0000001019f00000,0x000000101a000000) (1024K)]
  0x000001408a5dab20 WorkerThread "GC Thread#1"                     [id=19300, stack(0x000000101ac00000,0x000000101ad00000) (1024K)]
  0x000001408a2ab4e0 WorkerThread "GC Thread#2"                     [id=12120, stack(0x000000101ad00000,0x000000101ae00000) (1024K)]
  0x000001408a5daed0 WorkerThread "GC Thread#3"                     [id=10068, stack(0x000000101ae00000,0x000000101af00000) (1024K)]
  0x000001408a073410 WorkerThread "GC Thread#4"                     [id=16980, stack(0x000000101af00000,0x000000101b000000) (1024K)]
  0x000001408a0737c0 WorkerThread "GC Thread#5"                     [id=21536, stack(0x000000101b000000,0x000000101b100000) (1024K)]
  0x000001408a073b70 WorkerThread "GC Thread#6"                     [id=18960, stack(0x000000101b100000,0x000000101b200000) (1024K)]
Total: 9

Threads with active compile tasks:
C2 CompilerThread0  11983 1604       4       lombok.patcher.scripts.AddFieldScript::patch (55 bytes)
Total: 1

VM state: not at safepoint (normal execution)

VM Mutex/Monitor currently owned by a thread: None

Heap address: 0x0000000080000000, size: 2048 MB, Compressed Oops mode: 32-bit

CDS archive(s) mapped at: [0x0000014043000000-0x0000014043ba0000-0x0000014043ba0000), size 12189696, SharedBaseAddress: 0x0000014043000000, ArchiveRelocationMode: 1.
Compressed class space mapped at: 0x0000014044000000-0x0000014084000000, reserved size: 1073741824
Narrow klass base: 0x0000014043000000, Narrow klass shift: 0, Narrow klass range: 0x100000000

GC Precious Log:
 CardTable entry size: 512
 CPUs: 8 total, 8 available
 Memory: 6030M
 Large Page Support: Disabled
 NUMA Support: Disabled
 Compressed Oops: Enabled (32-bit)
 Alignments: Space 512K, Generation 512K, Heap 2M
 Heap Min Capacity: 100M
 Heap Initial Capacity: 100M
 Heap Max Capacity: 2G
 Pre-touch: Disabled
 Parallel Workers: 8

Heap:
 PSYoungGen      total 29696K, used 20224K [0x00000000d5580000, 0x00000000d7680000, 0x0000000100000000)
  eden space 25600K, 66% used [0x00000000d5580000,0x00000000d660e1d0,0x00000000d6e80000)
  from space 4096K, 79% used [0x00000000d6e80000,0x00000000d71b1e98,0x00000000d7280000)
  to   space 4096K, 0% used [0x00000000d7280000,0x00000000d7280000,0x00000000d7680000)
 ParOldGen       total 68608K, used 0K [0x0000000080000000, 0x0000000084300000, 0x00000000d5580000)
  object space 68608K, 0% used [0x0000000080000000,0x0000000080000000,0x0000000084300000)
 Metaspace       used 7087K, committed 7360K, reserved 1114112K
  class space    used 721K, committed 832K, reserved 1048576K

Card table byte_map: [0x000001402c090000,0x000001402c4a0000] _byte_map_base: 0x000001402bc90000

Marking Bits: (ParMarkBitMap*) 0x00007fff63913450
 Begin Bits: [0x000001403eba0000, 0x0000014040ba0000)
 End Bits:   [0x0000014040ba0000, 0x0000014042ba0000)

Polling page: 0x000001402a5c0000

Metaspace:

Usage:
  Non-class:      6.22 MB used.
      Class:    721.47 KB used.
       Both:      6.92 MB used.

Virtual space:
  Non-class space:       64.00 MB reserved,       6.38 MB ( 10%) committed,  1 nodes.
      Class space:        1.00 GB reserved,     832.00 KB ( <1%) committed,  1 nodes.
             Both:        1.06 GB reserved,       7.19 MB ( <1%) committed. 

Chunk freelists:
   Non-Class:  9.41 MB
       Class:  15.01 MB
        Both:  24.42 MB

MaxMetaspaceSize: unlimited
CompressedClassSpaceSize: 1.00 GB
Initial GC threshold: 21.00 MB
Current GC threshold: 21.00 MB
CDS: on
 - commit_granule_bytes: 65536.
 - commit_granule_words: 8192.
 - virtual_space_node_default_size: 8388608.
 - enlarge_chunks_in_place: 1.
 - use_allocation_guard: 0.


Internal statistics:

num_allocs_failed_limit: 0.
num_arena_births: 212.
num_arena_deaths: 0.
num_vsnodes_births: 2.
num_vsnodes_deaths: 0.
num_space_committed: 115.
num_space_uncommitted: 0.
num_chunks_returned_to_freelist: 0.
num_chunks_taken_from_freelist: 365.
num_chunk_merges: 0.
num_chunk_splits: 238.
num_chunks_enlarged: 155.
num_inconsistent_stats: 0.

CodeHeap 'non-profiled nmethods': size=120000Kb used=670Kb max_used=670Kb free=119329Kb
 bounds [0x00000140373c0000, 0x0000014037630000, 0x000001403e8f0000]
CodeHeap 'profiled nmethods': size=120000Kb used=2830Kb max_used=2830Kb free=117169Kb
 bounds [0x000001402f8f0000, 0x000001402fbc0000, 0x0000014036e20000]
CodeHeap 'non-nmethods': size=5760Kb used=1209Kb max_used=1227Kb free=4550Kb
 bounds [0x0000014036e20000, 0x0000014037090000, 0x00000140373c0000]
CodeCache: size=245760Kb, used=4709Kb, max_used=4727Kb, free=241048Kb
 total_blobs=2103, nmethods=1625, adapters=385, full_count=0
Compilation: enabled, stopped_count=0, restarted_count=0

Compilation events (20 events):
Event: 11.545 Thread 0x0000014085acec00 1601       3       java.lang.invoke.Invokers$Holder::linkToTargetMethod (9 bytes)
Event: 11.546 Thread 0x0000014085acec00 nmethod 1601 0x000001402fba3a90 code [0x000001402fba3c60, 0x000001402fba4038]
Event: 11.546 Thread 0x0000014085acec00 1603       3       java.util.HashMap::removeNode (291 bytes)
Event: 11.547 Thread 0x0000014085acec00 nmethod 1603 0x000001402fba4110 code [0x000001402fba43a0, 0x000001402fba5548]
Event: 11.547 Thread 0x0000014085acec00 1599       3       java.util.stream.ReferencePipeline::<init> (7 bytes)
Event: 11.547 Thread 0x0000014085acec00 nmethod 1599 0x000001402fba5990 code [0x000001402fba5b40, 0x000001402fba5c78]
Event: 11.547 Thread 0x0000014085acec00 1600       3       java.util.stream.Sink$ChainedReference::<init> (16 bytes)
Event: 11.548 Thread 0x0000014085acec00 nmethod 1600 0x000001402fba5d10 code [0x000001402fba5ee0, 0x000001402fba62d0]
Event: 11.548 Thread 0x0000014085acec00 1602       1       java.util.ImmutableCollections$SetN::size (5 bytes)
Event: 11.548 Thread 0x0000014085acec00 nmethod 1602 0x0000014037466b10 code [0x0000014037466ca0, 0x0000014037466d68]
Event: 11.559 Thread 0x00000140841ca5d0 1604       4       lombok.patcher.scripts.AddFieldScript::patch (55 bytes)
Event: 11.905 Thread 0x0000014085acec00 1605       3       java.lang.invoke.MemberName::<init> (50 bytes)
Event: 11.906 Thread 0x0000014085acec00 nmethod 1605 0x000001402fba6410 code [0x000001402fba6600, 0x000001402fba6920]
Event: 11.906 Thread 0x0000014085acec00 1607   !   3       java.net.URLClassLoader::findClass (47 bytes)
Event: 11.907 Thread 0x0000014085acec00 nmethod 1607 0x000001402fba6a90 code [0x000001402fba6c80, 0x000001402fba72d0]
Event: 11.907 Thread 0x0000014085acec00 1608       3       java.net.URLClassLoader$1::<init> (15 bytes)
Event: 11.907 Thread 0x0000014085acec00 nmethod 1608 0x000001402fba7510 code [0x000001402fba76c0, 0x000001402fba7858]
Event: 11.924 Thread 0x0000014085acec00 1610   !   3       java.net.URLClassLoader::defineClass (224 bytes)
Event: 11.932 Thread 0x0000014085acec00 nmethod 1610 0x000001402fba7910 code [0x000001402fba7e00, 0x000001402fbaa058]
Event: 11.932 Thread 0x0000014085acec00 1613       3       java.lang.String::getBytesNoRepl1 (89 bytes)

GC Heap History (2 events):
Event: 8.537 GC heap before
{Heap before GC invocations=1 (full 0):
 PSYoungGen      total 29696K, used 25600K [0x00000000d5580000, 0x00000000d7680000, 0x0000000100000000)
  eden space 25600K, 100% used [0x00000000d5580000,0x00000000d6e80000,0x00000000d6e80000)
  from space 4096K, 0% used [0x00000000d7280000,0x00000000d7280000,0x00000000d7680000)
  to   space 4096K, 0% used [0x00000000d6e80000,0x00000000d6e80000,0x00000000d7280000)
 ParOldGen       total 68608K, used 0K [0x0000000080000000, 0x0000000084300000, 0x00000000d5580000)
  object space 68608K, 0% used [0x0000000080000000,0x0000000080000000,0x0000000084300000)
 Metaspace       used 4380K, committed 4608K, reserved 1114112K
  class space    used 474K, committed 576K, reserved 1048576K
}
Event: 8.583 GC heap after
{Heap after GC invocations=1 (full 0):
 PSYoungGen      total 29696K, used 3271K [0x00000000d5580000, 0x00000000d7680000, 0x0000000100000000)
  eden space 25600K, 0% used [0x00000000d5580000,0x00000000d5580000,0x00000000d6e80000)
  from space 4096K, 79% used [0x00000000d6e80000,0x00000000d71b1e98,0x00000000d7280000)
  to   space 4096K, 0% used [0x00000000d7280000,0x00000000d7280000,0x00000000d7680000)
 ParOldGen       total 68608K, used 0K [0x0000000080000000, 0x0000000084300000, 0x00000000d5580000)
  object space 68608K, 0% used [0x0000000080000000,0x0000000080000000,0x0000000084300000)
 Metaspace       used 4380K, committed 4608K, reserved 1114112K
  class space    used 474K, committed 576K, reserved 1048576K
}

Dll operation events (8 events):
Event: 0.707 Loaded shared library c:\Users\dell\.vscode\extensions\redhat.java-1.54.0-win32-x64\jre\21.0.10-win32-x86_64\bin\java.dll
Event: 1.157 Loaded shared library c:\Users\dell\.vscode\extensions\redhat.java-1.54.0-win32-x64\jre\21.0.10-win32-x86_64\bin\zip.dll
Event: 1.362 Loaded shared library C:\Users\dell\.vscode\extensions\redhat.java-1.54.0-win32-x64\jre\21.0.10-win32-x86_64\bin\instrument.dll
Event: 1.553 Loaded shared library C:\Users\dell\.vscode\extensions\redhat.java-1.54.0-win32-x64\jre\21.0.10-win32-x86_64\bin\net.dll
Event: 1.843 Loaded shared library C:\Users\dell\.vscode\extensions\redhat.java-1.54.0-win32-x64\jre\21.0.10-win32-x86_64\bin\nio.dll
Event: 1.859 Loaded shared library C:\Users\dell\.vscode\extensions\redhat.java-1.54.0-win32-x64\jre\21.0.10-win32-x86_64\bin\zip.dll
Event: 1.969 Loaded shared library C:\Users\dell\.vscode\extensions\redhat.java-1.54.0-win32-x64\jre\21.0.10-win32-x86_64\bin\jimage.dll
Event: 2.920 Loaded shared library c:\Users\dell\.vscode\extensions\redhat.java-1.54.0-win32-x64\jre\21.0.10-win32-x86_64\bin\verify.dll

Deoptimization events (20 events):
Event: 10.642 Thread 0x000001402a3b71a0 Uncommon trap: trap_request=0xffffffc6 fr.pc=0x00000140373fbfd0 relative=0x0000000000000290
Event: 10.642 Thread 0x000001402a3b71a0 Uncommon trap: reason=bimorphic_or_optimized_type_check action=maybe_recompile pc=0x00000140373fbfd0 method=java.util.Collections$UnmodifiableCollection$1.next()Ljava/lang/Object; @ 4 c2
Event: 10.642 Thread 0x000001402a3b71a0 DEOPT PACKING pc=0x00000140373fbfd0 sp=0x0000001019ef83b0
Event: 10.642 Thread 0x000001402a3b71a0 DEOPT UNPACKING pc=0x0000014036e73aa2 sp=0x0000001019ef8360 mode 2
Event: 10.642 Thread 0x000001402a3b71a0 Uncommon trap: trap_request=0xffffffc6 fr.pc=0x00000140373fbfd0 relative=0x0000000000000290
Event: 10.642 Thread 0x000001402a3b71a0 Uncommon trap: reason=bimorphic_or_optimized_type_check action=maybe_recompile pc=0x00000140373fbfd0 method=java.util.Collections$UnmodifiableCollection$1.next()Ljava/lang/Object; @ 4 c2
Event: 10.642 Thread 0x000001402a3b71a0 DEOPT PACKING pc=0x00000140373fbfd0 sp=0x0000001019ef83b0
Event: 10.642 Thread 0x000001402a3b71a0 DEOPT UNPACKING pc=0x0000014036e73aa2 sp=0x0000001019ef8360 mode 2
Event: 11.282 Thread 0x000001402a3b71a0 Uncommon trap: trap_request=0xffffff45 fr.pc=0x000001403744a2cc relative=0x00000000000000ac
Event: 11.282 Thread 0x000001402a3b71a0 Uncommon trap: reason=unstable_if action=reinterpret pc=0x000001403744a2cc method=java.util.concurrent.locks.ReentrantLock$NonfairSync.initialTryLock()Z @ 10 c2
Event: 11.282 Thread 0x000001402a3b71a0 DEOPT PACKING pc=0x000001403744a2cc sp=0x0000001019efe720
Event: 11.282 Thread 0x000001402a3b71a0 DEOPT UNPACKING pc=0x0000014036e73aa2 sp=0x0000001019efe6b0 mode 2
Event: 11.283 Thread 0x000001402a3b71a0 Uncommon trap: trap_request=0xffffff45 fr.pc=0x0000014037449f34 relative=0x0000000000000094
Event: 11.283 Thread 0x000001402a3b71a0 Uncommon trap: reason=unstable_if action=reinterpret pc=0x0000014037449f34 method=java.util.concurrent.locks.ReentrantLock$Sync.tryRelease(I)Z @ 26 c2
Event: 11.283 Thread 0x000001402a3b71a0 DEOPT PACKING pc=0x0000014037449f34 sp=0x0000001019efe7f0
Event: 11.283 Thread 0x000001402a3b71a0 DEOPT UNPACKING pc=0x0000014036e73aa2 sp=0x0000001019efe770 mode 2
Event: 11.907 Thread 0x000001402a3b71a0 Uncommon trap: trap_request=0xffffff45 fr.pc=0x0000014037449be0 relative=0x0000000000000040
Event: 11.907 Thread 0x000001402a3b71a0 Uncommon trap: reason=unstable_if action=reinterpret pc=0x0000014037449be0 method=java.util.concurrent.locks.AbstractQueuedSynchronizer.signalNext(Ljava/util/concurrent/locks/AbstractQueuedSynchronizer$Node;)V @ 1 c2
Event: 11.907 Thread 0x000001402a3b71a0 DEOPT PACKING pc=0x0000014037449be0 sp=0x0000001019efe520
Event: 11.907 Thread 0x000001402a3b71a0 DEOPT UNPACKING pc=0x0000014036e73aa2 sp=0x0000001019efe4b0 mode 2

Classes loaded (20 events):
Event: 11.559 Loading class java/util/concurrent/ScheduledThreadPoolExecutor$DelayedWorkQueue
Event: 11.560 Loading class java/util/concurrent/ScheduledThreadPoolExecutor$DelayedWorkQueue done
Event: 11.561 Loading class java/util/concurrent/RunnableScheduledFuture
Event: 11.562 Loading class java/util/concurrent/RunnableFuture
Event: 11.562 Loading class java/util/concurrent/RunnableFuture done
Event: 11.562 Loading class java/util/concurrent/ScheduledFuture
Event: 11.562 Loading class java/util/concurrent/Delayed
Event: 11.562 Loading class java/util/concurrent/Delayed done
Event: 11.562 Loading class java/util/concurrent/ScheduledFuture done
Event: 11.562 Loading class java/util/concurrent/RunnableScheduledFuture done
Event: 11.568 Loading class java/util/concurrent/ScheduledThreadPoolExecutor$ScheduledFutureTask
Event: 11.569 Loading class java/util/concurrent/FutureTask
Event: 11.569 Loading class java/util/concurrent/FutureTask done
Event: 11.569 Loading class java/util/concurrent/ScheduledThreadPoolExecutor$ScheduledFutureTask done
Event: 11.571 Loading class java/util/concurrent/FutureTask$WaitNode
Event: 11.571 Loading class java/util/concurrent/FutureTask$WaitNode done
Event: 11.571 Loading class java/util/concurrent/Executors$RunnableAdapter
Event: 11.571 Loading class java/util/concurrent/Executors$RunnableAdapter done
Event: 11.571 Loading class java/util/concurrent/ThreadPoolExecutor$Worker
Event: 11.572 Loading class java/util/concurrent/ThreadPoolExecutor$Worker done

Classes unloaded (0 events):
No events

Classes redefined (0 events):
No events

Internal exceptions (20 events):
Event: 6.577 Thread 0x000001402a3b71a0 Exception <a 'java/lang/NoSuchMethodError'{0x00000000d6533958}: 'java.lang.Object java.lang.invoke.DirectMethodHandle$Holder.invokeInterface(java.lang.Object, java.lang.Object)'> (0x00000000d6533958) 
thrown [s\src\hotspot\share\interpreter\linkResolver.cpp, line 773]
Event: 6.677 Thread 0x000001402a3b71a0 Exception <a 'java/lang/NoSuchMethodError'{0x00000000d65472c0}: 'java.lang.Object java.lang.invoke.Invokers$Holder.invokeExact_MT(java.lang.Object, java.lang.Object, java.lang.Object, java.lang.Object, java.lang.Object, java.lang.Object)'> (0x00000000d65472c0) 
thrown [s\src\hotspot\share\interpreter\linkResolver.cpp, line 773]
Event: 6.713 Thread 0x000001402a3b71a0 Exception <a 'java/lang/NoSuchMethodError'{0x00000000d655e398}: 'int java.lang.invoke.DirectMethodHandle$Holder.invokeStatic(java.lang.Object, java.lang.Object, java.lang.Object, java.lang.Object, java.lang.Object)'> (0x00000000d655e398) 
thrown [s\src\hotspot\share\interpreter\linkResolver.cpp, line 773]
Event: 6.784 Thread 0x000001402a3b71a0 Exception <a 'java/lang/NoSuchMethodError'{0x00000000d65f1ae0}: 'java.lang.Object java.lang.invoke.DirectMethodHandle$Holder.invokeInterface(java.lang.Object, java.lang.Object, int)'> (0x00000000d65f1ae0) 
thrown [s\src\hotspot\share\interpreter\linkResolver.cpp, line 773]
Event: 7.740 Thread 0x000001402a3b71a0 Exception <a 'java/lang/NoSuchMethodError'{0x00000000d6a5a898}: 'java.lang.ClassLoader java.lang.ClassLoader.getPlatformClassLoader(java.lang.Class)'> (0x00000000d6a5a898) 
thrown [s\src\hotspot\share\interpreter\linkResolver.cpp, line 773]
Event: 8.434 Thread 0x000001402a3b71a0 Exception <a 'java/lang/ClassNotFoundException'{0x00000000d6e79fa0}: sun/net/www/protocol/c/Handler> (0x00000000d6e79fa0) 
thrown [s\src\hotspot\share\classfile\systemDictionary.cpp, line 312]
Event: 8.442 Thread 0x000001402a3b71a0 Exception <a 'java/lang/ClassNotFoundException'{0x00000000d6e7b340}: sun/net/www/protocol/c/Handler> (0x00000000d6e7b340) 
thrown [s\src\hotspot\share\classfile\systemDictionary.cpp, line 312]
Event: 8.443 Thread 0x000001402a3b71a0 Exception <a 'java/lang/ClassNotFoundException'{0x00000000d6e7c528}: sun/net/www/protocol/c/Handler> (0x00000000d6e7c528) 
thrown [s\src\hotspot\share\classfile\systemDictionary.cpp, line 312]
Event: 8.598 Thread 0x000001402a3b71a0 Exception <a 'java/io/FileNotFoundException'{0x00000000d55a4c28}> (0x00000000d55a4c28) 
thrown [s\src\hotspot\share\prims\jni.cpp, line 520]
Event: 9.103 Thread 0x000001402a3b71a0 Implicit null exception at 0x00000140374348c9 to 0x0000014037435388
Event: 9.103 Thread 0x000001402a3b71a0 Implicit null exception at 0x000001403742841a to 0x0000014037428620
Event: 9.107 Thread 0x000001402a3b71a0 Exception <a 'java/lang/NoSuchMethodError'{0x00000000d56d44e8}: 'void java.lang.invoke.DirectMethodHandle$Holder.invokeStatic(java.lang.Object, java.lang.Object, java.lang.Object, java.lang.Object)'> (0x00000000d56d44e8) 
thrown [s\src\hotspot\share\interpreter\linkResolver.cpp, line 773]
Event: 9.110 Thread 0x000001402a3b71a0 Implicit null exception at 0x000001403742b79a to 0x000001403742b9a4
Event: 9.110 Thread 0x000001402a3b71a0 Implicit null exception at 0x0000014037423bbd to 0x0000014037423c41
Event: 9.849 Thread 0x000001402a3b71a0 Exception <a 'java/lang/NoSuchMethodError'{0x00000000d5999140}: 'void java.lang.invoke.DirectMethodHandle$Holder.invokeSpecial(java.lang.Object, java.lang.Object, java.lang.Object)'> (0x00000000d5999140) 
thrown [s\src\hotspot\share\interpreter\linkResolver.cpp, line 773]
Event: 11.093 Thread 0x000001402a3b71a0 Exception <a 'java/lang/NoSuchMethodError'{0x00000000d62b5d90}: 'int java.lang.invoke.DirectMethodHandle$Holder.invokeVirtual(java.lang.Object, java.lang.Object)'> (0x00000000d62b5d90) 
thrown [s\src\hotspot\share\interpreter\linkResolver.cpp, line 773]
Event: 11.425 Thread 0x000001402a3b71a0 Exception <a 'java/lang/NoSuchMethodError'{0x00000000d642ac48}: 'int java.lang.invoke.DirectMethodHandle$Holder.invokeStaticInit(java.lang.Object, java.lang.Object, java.lang.Object, java.lang.Object)'> (0x00000000d642ac48) 
thrown [s\src\hotspot\share\interpreter\linkResolver.cpp, line 773]
Event: 11.427 Thread 0x000001402a3b71a0 Exception <a 'java/lang/IncompatibleClassChangeError'{0x00000000d6433050}: Found class java.lang.Object, but interface was expected> (0x00000000d6433050) 
thrown [s\src\hotspot\share\interpreter\linkResolver.cpp, line 840]
Event: 11.429 Thread 0x000001402a3b71a0 Exception <a 'java/lang/NoSuchMethodError'{0x00000000d6439600}: 'void java.lang.invoke.DirectMethodHandle$Holder.invokeStaticInit(java.lang.Object, java.lang.Object)'> (0x00000000d6439600) 
thrown [s\src\hotspot\share\interpreter\linkResolver.cpp, line 773]
Event: 11.453 Thread 0x000001402a3b71a0 Exception <a 'java/lang/NoSuchMethodError'{0x00000000d64427f8}: 'int java.lang.invoke.DirectMethodHandle$Holder.invokeStaticInit(java.lang.Object, java.lang.Object)'> (0x00000000d64427f8) 
thrown [s\src\hotspot\share\interpreter\linkResolver.cpp, line 773]

ZGC Phase Switch (0 events):
No events

VM Operations (20 events):
Event: 5.358 Executing safepoint VM operation: Cleanup
Event: 5.374 Executing safepoint VM operation: Cleanup done
Event: 5.729 Executing non-safepoint VM operation: HandshakeAllThreads (Deoptimize)
Event: 5.729 Executing non-safepoint VM operation: HandshakeAllThreads (Deoptimize) done
Event: 5.952 Executing non-safepoint VM operation: HandshakeAllThreads (Deoptimize)
Event: 5.952 Executing non-safepoint VM operation: HandshakeAllThreads (Deoptimize) done
Event: 6.966 Executing safepoint VM operation: Cleanup
Event: 6.966 Executing safepoint VM operation: Cleanup done
Event: 7.980 Executing safepoint VM operation: Cleanup
Event: 7.980 Executing safepoint VM operation: Cleanup done
Event: 8.248 Executing non-safepoint VM operation: HandshakeAllThreads (Deoptimize)
Event: 8.248 Executing non-safepoint VM operation: HandshakeAllThreads (Deoptimize) done
Event: 8.537 Executing safepoint VM operation: ParallelGCFailedAllocation (Allocation Failure)
Event: 8.583 Executing safepoint VM operation: ParallelGCFailedAllocation (Allocation Failure) done
Event: 9.593 Executing safepoint VM operation: Cleanup
Event: 9.640 Executing safepoint VM operation: Cleanup done
Event: 10.641 Executing safepoint VM operation: Cleanup
Event: 10.641 Executing safepoint VM operation: Cleanup done
Event: 11.652 Executing safepoint VM operation: Cleanup
Event: 11.905 Executing safepoint VM operation: Cleanup done

Memory protections (0 events):
No events

Nmethod flushes (0 events):
No events

Events (12 events):
Event: 0.821 Thread 0x000001402a3b71a0 Thread added: 0x000001402a3b71a0
Event: 0.884 Thread 0x000001402a3b71a0 Thread added: 0x00000140841be990
Event: 0.885 Thread 0x000001402a3b71a0 Thread added: 0x00000140841c1540
Event: 0.886 Thread 0x000001402a3b71a0 Thread added: 0x00000140841c3a70
Event: 0.886 Thread 0x000001402a3b71a0 Thread added: 0x00000140841c4990
Event: 0.887 Thread 0x000001402a3b71a0 Thread added: 0x00000140841c5cc0
Event: 0.887 Thread 0x000001402a3b71a0 Thread added: 0x00000140841c9840
Event: 0.887 Thread 0x000001402a3b71a0 Thread added: 0x00000140841ca5d0
Event: 0.926 Thread 0x000001402a3b71a0 Thread added: 0x0000014085acec00
Event: 1.367 Thread 0x000001402a3b71a0 Thread added: 0x0000014085ccec00
Event: 3.726 Thread 0x000001402a3b71a0 Thread added: 0x0000014085e2a690
Event: 11.572 Thread 0x000001402a3b71a0 Thread added: 0x0000014085c02d90


Dynamic libraries:
0x00007ff724930000 - 0x00007ff72493e000 	c:\Users\dell\.vscode\extensions\redhat.java-1.54.0-win32-x64\jre\21.0.10-win32-x86_64\bin\java.exe
0x00007ff820870000 - 0x00007ff820a88000 	C:\WINDOWS\SYSTEM32\ntdll.dll
0x00007ff81ea50000 - 0x00007ff81eb14000 	C:\WINDOWS\System32\KERNEL32.DLL
0x00007ff81db40000 - 0x00007ff81df13000 	C:\WINDOWS\System32\KERNELBASE.dll
0x00007ff81e3f0000 - 0x00007ff81e501000 	C:\WINDOWS\System32\ucrtbase.dll
0x00007ff8075a0000 - 0x00007ff8075b8000 	c:\Users\dell\.vscode\extensions\redhat.java-1.54.0-win32-x64\jre\21.0.10-win32-x86_64\bin\jli.dll
0x00007ff81e890000 - 0x00007ff81ea42000 	C:\WINDOWS\System32\USER32.dll
0x00007ff81e1d0000 - 0x00007ff81e1f6000 	C:\WINDOWS\System32\win32u.dll
0x00007ff820080000 - 0x00007ff8200a9000 	C:\WINDOWS\System32\GDI32.dll
0x00007ff81d980000 - 0x00007ff81da9b000 	C:\WINDOWS\System32\gdi32full.dll
0x00007ff81daa0000 - 0x00007ff81db3a000 	C:\WINDOWS\System32\msvcp_win.dll
0x00007ff80b7a0000 - 0x00007ff80ba3c000 	C:\WINDOWS\WinSxS\amd64_microsoft.windows.common-controls_6595b64144ccf1df_6.0.22621.6060_none_2712eda17382d24b\COMCTL32.dll
0x00007ff807580000 - 0x00007ff80759e000 	c:\Users\dell\.vscode\extensions\redhat.java-1.54.0-win32-x64\jre\21.0.10-win32-x86_64\bin\VCRUNTIME140.dll
0x00007ff820780000 - 0x00007ff820827000 	C:\WINDOWS\System32\msvcrt.dll
0x00007ff81fa80000 - 0x00007ff81fab1000 	C:\WINDOWS\System32\IMM32.DLL
0x00007ff817000000 - 0x00007ff81700c000 	c:\Users\dell\.vscode\extensions\redhat.java-1.54.0-win32-x64\jre\21.0.10-win32-x86_64\bin\vcruntime140_1.dll
0x00007ff8074b0000 - 0x00007ff80753d000 	c:\Users\dell\.vscode\extensions\redhat.java-1.54.0-win32-x64\jre\21.0.10-win32-x86_64\bin\msvcp140.dll
0x00007fff62c50000 - 0x00007fff639f1000 	c:\Users\dell\.vscode\extensions\redhat.java-1.54.0-win32-x64\jre\21.0.10-win32-x86_64\bin\server\jvm.dll
0x00007ff8206c0000 - 0x00007ff820771000 	C:\WINDOWS\System32\ADVAPI32.dll
0x00007ff81fac0000 - 0x00007ff81fb68000 	C:\WINDOWS\System32\sechost.dll
0x00007ff81e3c0000 - 0x00007ff81e3e8000 	C:\WINDOWS\System32\bcrypt.dll
0x00007ff81ec90000 - 0x00007ff81eda8000 	C:\WINDOWS\System32\RPCRT4.dll
0x00007ff820000000 - 0x00007ff820071000 	C:\WINDOWS\System32\WS2_32.dll
0x00007ff81d850000 - 0x00007ff81d89d000 	C:\WINDOWS\SYSTEM32\POWRPROF.dll
0x00007ff8189c0000 - 0x00007ff8189f4000 	C:\WINDOWS\SYSTEM32\WINMM.dll
0x00007ff813450000 - 0x00007ff81345a000 	C:\WINDOWS\SYSTEM32\VERSION.dll
0x00007ff81d830000 - 0x00007ff81d843000 	C:\WINDOWS\SYSTEM32\UMPDC.dll
0x00007ff81c960000 - 0x00007ff81c978000 	C:\WINDOWS\SYSTEM32\kernel.appcore.dll
0x00007ff80b490000 - 0x00007ff80b49a000 	c:\Users\dell\.vscode\extensions\redhat.java-1.54.0-win32-x64\jre\21.0.10-win32-x86_64\bin\jimage.dll
0x00007ff817150000 - 0x00007ff817383000 	C:\WINDOWS\SYSTEM32\DBGHELP.DLL
0x00007ff81fc60000 - 0x00007ff81fff1000 	C:\WINDOWS\System32\combase.dll
0x00007ff81ef30000 - 0x00007ff81f008000 	C:\WINDOWS\System32\OLEAUT32.dll
0x00007ff805260000 - 0x00007ff805292000 	C:\WINDOWS\SYSTEM32\dbgcore.DLL
0x00007ff81e340000 - 0x00007ff81e3bb000 	C:\WINDOWS\System32\bcryptPrimitives.dll
0x00007ff80ad30000 - 0x00007ff80ad3f000 	c:\Users\dell\.vscode\extensions\redhat.java-1.54.0-win32-x64\jre\21.0.10-win32-x86_64\bin\instrument.dll
0x00007ff807490000 - 0x00007ff8074b0000 	c:\Users\dell\.vscode\extensions\redhat.java-1.54.0-win32-x64\jre\21.0.10-win32-x86_64\bin\java.dll
0x00007ff81f030000 - 0x00007ff81f8cc000 	C:\WINDOWS\System32\SHELL32.dll
0x00007ff81e200000 - 0x00007ff81e33f000 	C:\WINDOWS\System32\wintypes.dll
0x00007ff81b880000 - 0x00007ff81c19a000 	C:\WINDOWS\SYSTEM32\windows.storage.dll
0x00007ff81eb70000 - 0x00007ff81ec74000 	C:\WINDOWS\System32\SHCORE.dll
0x00007ff81fbe0000 - 0x00007ff81fc49000 	C:\WINDOWS\System32\shlwapi.dll
0x00007ff81d8b0000 - 0x00007ff81d8d5000 	C:\WINDOWS\SYSTEM32\profapi.dll
0x00007ff8075f0000 - 0x00007ff807608000 	c:\Users\dell\.vscode\extensions\redhat.java-1.54.0-win32-x64\jre\21.0.10-win32-x86_64\bin\zip.dll
0x00007ff80aab0000 - 0x00007ff80aac0000 	C:\Users\dell\.vscode\extensions\redhat.java-1.54.0-win32-x64\jre\21.0.10-win32-x86_64\bin\net.dll
0x00007ff818490000 - 0x00007ff8185bc000 	C:\WINDOWS\SYSTEM32\WINHTTP.dll
0x00007ff81ce40000 - 0x00007ff81cea9000 	C:\WINDOWS\system32\mswsock.dll
0x00007ff807440000 - 0x00007ff807456000 	C:\Users\dell\.vscode\extensions\redhat.java-1.54.0-win32-x64\jre\21.0.10-win32-x86_64\bin\nio.dll
0x00007ff817010000 - 0x00007ff817020000 	c:\Users\dell\.vscode\extensions\redhat.java-1.54.0-win32-x64\jre\21.0.10-win32-x86_64\bin\verify.dll

JVMTI agents:
c:\Users\dell\.vscode\extensions\redhat.java-1.54.0-win32-x64\lombok\lombok-1.18.39-4050.jar path:c:\Users\dell\.vscode\extensions\redhat.java-1.54.0-win32-x64\jre\21.0.10-win32-x86_64\bin\instrument.dll, loaded, initialized, instrumentlib options:none

dbghelp: loaded successfully - version: 4.0.5 - missing functions: none
symbol engine: initialized successfully - sym options: 0x614 - pdb path: .;c:\Users\dell\.vscode\extensions\redhat.java-1.54.0-win32-x64\jre\21.0.10-win32-x86_64\bin;C:\WINDOWS\SYSTEM32;C:\WINDOWS\WinSxS\amd64_microsoft.windows.common-controls_6595b64144ccf1df_6.0.22621.6060_none_2712eda17382d24b;c:\Users\dell\.vscode\extensions\redhat.java-1.54.0-win32-x64\jre\21.0.10-win32-x86_64\bin\server

VM Arguments:
jvm_args: --add-modules=ALL-SYSTEM --add-opens=java.base/java.util=ALL-UNNAMED --add-opens=java.base/java.lang=ALL-UNNAMED --add-opens=java.base/sun.nio.fs=ALL-UNNAMED -Declipse.application=org.eclipse.jdt.ls.core.id1 -Dosgi.bundles.defaultStartLevel=4 -Declipse.product=org.eclipse.jdt.ls.core.product -Djava.import.generatesMetadataFilesAtProjectRoot=false -DDetectVMInstallationsJob.disabled=true -Dfile.encoding=utf8 -XX:+UseParallelGC -XX:GCTimeRatio=4 -XX:AdaptiveSizePolicyWeight=90 -Dsun.zip.disableMemoryMapping=true -Xmx2G -Xms100m -Xlog:disable -javaagent:c:\Users\dell\.vscode\extensions\redhat.java-1.54.0-win32-x64\lombok\lombok-1.18.39-4050.jar 
java_command: c:\Users\dell\.vscode\extensions\redhat.java-1.54.0-win32-x64\server\plugins\org.eclipse.equinox.launcher_1.7.100.v20251111-0406.jar -configuration c:\Users\dell\AppData\Roaming\Code\User\globalStorage\redhat.java\1.54.0\config_ss_win -data c:\Users\dell\AppData\Roaming\Code\User\workspaceStorage\845114bc7027c532ece8d68470c7c069\redhat.java\ss_ws --pipe=\\.\pipe\lsp-857efd6fbe521e6b161f2e150cef6e81-sock
java_class_path (initial): c:\Users\dell\.vscode\extensions\redhat.java-1.54.0-win32-x64\server\plugins\org.eclipse.equinox.launcher_1.7.100.v20251111-0406.jar
Launcher Type: SUN_STANDARD

[Global flags]
    uintx AdaptiveSizePolicyWeight                 = 90                                        {product} {command line}
     intx CICompilerCount                          = 4                                         {product} {ergonomic}
    uintx GCTimeRatio                              = 4                                         {product} {command line}
   size_t InitialHeapSize                          = 104857600                                 {product} {command line}
   size_t MaxHeapSize                              = 2147483648                                {product} {command line}
   size_t MaxNewSize                               = 715653120                                 {product} {ergonomic}
   size_t MinHeapDeltaBytes                        = 524288                                    {product} {ergonomic}
   size_t MinHeapSize                              = 104857600                                 {product} {command line}
   size_t NewSize                                  = 34603008                                  {product} {ergonomic}
    uintx NonNMethodCodeHeapSize                   = 5839372                                {pd product} {ergonomic}
    uintx NonProfiledCodeHeapSize                  = 122909434                              {pd product} {ergonomic}
   size_t OldSize                                  = 70254592                                  {product} {ergonomic}
    uintx ProfiledCodeHeapSize                     = 122909434                              {pd product} {ergonomic}
    uintx ReservedCodeCacheSize                    = 251658240                              {pd product} {ergonomic}
     bool SegmentedCodeCache                       = true                                      {product} {ergonomic}
   size_t SoftMaxHeapSize                          = 2147483648                             {manageable} {ergonomic}
     bool UseCompressedOops                        = true                           {product lp64_product} {ergonomic}
     bool UseLargePagesIndividualAllocation        = false                                  {pd product} {ergonomic}
     bool UseParallelGC                            = true                                      {product} {command line}

Logging:
Log output configuration:
 #0: stdout all=off uptime,level,tags foldmultilines=false
 #1: stderr all=off uptime,level,tags foldmultilines=false

Release file:
JAVA_VERSION="21.0.10" 
MODULES="java.base java.compiler java.datatransfer java.xml java.prefs java.desktop java.instrument java.logging java.management java.security.sasl java.naming java.rmi java.management.rmi java.net.http java.scripting java.security.jgss java.transaction.xa java.sql java.sql.rowset java.xml.crypto java.se java.smartcardio jdk.accessibility jdk.internal.jvmstat jdk.attach jdk.charsets jdk.internal.opt jdk.zipfs jdk.compiler jdk.crypto.ec jdk.crypto.cryptoki jdk.crypto.mscapi jdk.dynalink jdk.internal.ed jdk.editpad jdk.hotspot.agent jdk.httpserver jdk.internal.le jdk.internal.vm.ci jdk.internal.vm.compiler jdk.internal.vm.compiler.management jdk.jartool jdk.javadoc jdk.jcmd jdk.management jdk.management.agent jdk.jconsole jdk.jdeps jdk.jdwp.agent jdk.jdi jdk.jfr jdk.jshell jdk.jsobject jdk.jstatd jdk.localedata jdk.management.jfr jdk.naming.dns jdk.naming.rmi jdk.net jdk.nio.mapmode jdk.random jdk.sctp jdk.security.auth jdk.security.jgss jdk.unsupported jdk.unsupported.desktop jdk.xml.dom" 

Environment Variables:
JAVA_HOME=C:\Program Files\microsoft-jdk-21.0.10-windows-x64\jdk-21.0.10+7
PATH=C:\Python312\Scripts\;C:\Python312\;C:\Program Files (x86)\Common Files\ArcSoft\Bin;C:\Windows\system32;C:\Windows;C:\Windows\System32\Wbem;C:\Windows\System32\WindowsPowerShell\v1.0\;C:\Windows\System32\OpenSSH\;C:\Program Files\nodejs\;C:\ProgramData\chocolatey\bin;C:\Program Files\Git\cmd;C:\Program Files\microsoft-jdk-21.0.10-windows-x64\bin;C:\Users\dell\AppData\Local\Microsoft\WindowsApps;C:\Users\dell\AppData\Local\Programs\Microsoft VS Code\bin;C:\Users\dell\AppData\Roaming\npm;C:\Users\dell\AppData\Local\Programs\cursor\resources\app\bin;C:\Program Files\microsoft-jdk-21.0.10-windows-x64\jdk-21.0.10+7\bin;C:\Program Files\apache-maven-3.9.12-bin\apache-maven-3.9.12\bin;C:\Program Files\apache-maven-3.9.12-bin\apache-maven-3.9.12\bin;;C:\WINDOWS\system32;C:\WINDOWS;C:\WINDOWS\System32\Wbem;C:\WINDOWS\System32\WindowsPowerShell\v1.0\;C:\WINDOWS\System32\OpenSSH\;C:\Users\dell\AppData\Local\Microsoft\WindowsApps;C:\Users\dell\AppData\Local\Programs\Microsoft VS Code\bin;C:\Users\dell\AppData\Roaming\npm;C:\Users\dell\AppData\Local\Programs\cursor\resources\app\bin;C:\Users\dell\Desktop\stripe_1.40.9_windows_x86_64;
USERNAME=dell
OS=Windows_NT
PROCESSOR_IDENTIFIER=AMD64 Family 23 Model 24 Stepping 1, AuthenticAMD
TMP=C:\Users\dell\AppData\Local\Temp
TEMP=C:\Users\dell\AppData\Local\Temp




Periodic native trim disabled

---------------  S Y S T E M  ---------------

OS:
 Windows 11 , 64 bit Build 22621 (10.0.22621.5415)
OS uptime: 6 days 23:18 hours

CPU: total 8 (initial active 8) (8 cores per cpu, 2 threads per core) family 23 model 24 stepping 1 microcode 0x0, cx8, cmov, fxsr, ht, mmx, 3dnowpref, sse, sse2, sse3, ssse3, sse4a, sse4.1, sse4.2, popcnt, lzcnt, tsc, tscinvbit, avx, avx2, aes, clmul, bmi1, bmi2, adx, sha, fma, vzeroupper, clflush, clflushopt, rdtscp, f16c
Processor Information for the first 8 processors :
  Max Mhz: 2100, Current Mhz: 2100, Mhz Limit: 2100

Memory: 4k page, system-wide physical 6030M (227M free)
TotalPageFile size 24462M (AvailPageFile size 6M)
current process WorkingSet (physical memory assigned to process): 83M, peak: 83M
current process commit charge ("private bytes"): 235M, peak: 236M

vm_info: OpenJDK 64-Bit Server VM (21.0.10+7-LTS) for windows-amd64 JRE (21.0.10+7-LTS), built on 2026-01-20T00:00:00Z by "admin" with MS VC++ 17.12 (VS2022)

END.
